demonium@Debian:/data/fedorchukds-devops-33-43/SRC$ kubectl -n config-test describe ingress web-ingress 
Name:             web-ingress
Labels:           <none>
Namespace:        config-test
Address:          
Ingress Class:    public
Default backend:  <default>
TLS:
  site-cert-tls terminates myingress.com
Rules:
  Host           Path  Backends
  ----           ----  --------
  myingress.com  
                 /   nginx-service:80 (<none>)
Annotations:     kubernetes.io/ingress.class: public
                 nginx.ingress.kubernetes.io/backend-protocol: HTTPS
                 nginx.ingress.kubernetes.io/rewrite-target: /
Events:
  Type    Reason  Age   From                      Message
  ----    ------  ----  ----                      -------
  Normal  Sync    5s    nginx-ingress-controller  Scheduled for sync
demonium@Debian:/data/fedorchukds-devops-33-43/SRC$ kubectl -n config-test get ingress web-ingress 
NAME          CLASS    HOSTS           ADDRESS     PORTS     AGE
web-ingress   public   myingress.com   127.0.0.1   80, 443   29s


demonium@Debian:/data/fedorchukds-devops-33-43/SRC$ kubectl -n config-test describe svc nginx-service 
Name:                     nginx-service
Namespace:                config-test
Labels:                   <none>
Annotations:              <none>
Selector:                 name=nginx-ingress-microk8s
Type:                     LoadBalancer
IP Family Policy:         SingleStack
IP Families:              IPv4
IP:                       10.152.183.20
IPs:                      10.152.183.20
IP:                       192.168.100.254
LoadBalancer Ingress:     192.168.100.254
Port:                     http  80/TCP
TargetPort:               80/TCP
NodePort:                 http  32396/TCP
Endpoints:                <none>
Port:                     https  443/TCP
TargetPort:               443/TCP
NodePort:                 https  31495/TCP
Endpoints:                <none>
Session Affinity:         None
External Traffic Policy:  Cluster
Events:
  Type    Reason       Age    From                Message
  ----    ------       ----   ----                -------
  Normal  IPAllocated  3m30s  metallb-controller  Assigned IP ["192.168.100.254"]


demonium@Debian:/data/fedorchukds-devops-33-43/SRC$ kubectl -n config-test describe secret site-cert-tls 
Name:         site-cert-tls
Namespace:    config-test
Labels:       <none>
Annotations:  <none>

Type:  kubernetes.io/tls

Data
====
tls.crt:  1123 bytes
tls.key:  1704 bytes


demonium@Debian:/data/fedorchukds-devops-33-43/SRC$ kubectl -n config-test describe pod nginx-only-6f84b9cdb9-82nmc 
Name:             nginx-only-6f84b9cdb9-82nmc
Namespace:        config-test
Priority:         0
Service Account:  default
Node:             debian/192.168.100.254
Start Time:       Fri, 29 Mar 2024 21:48:47 +0700
Labels:           app=nginx-frontend
                  pod-template-hash=6f84b9cdb9
Annotations:      cni.projectcalico.org/containerID: 0b8b2cd4c38b5758aac54770a2670b49b76e87c4af73dde66a6a59bcd233103b
                  cni.projectcalico.org/podIP: 10.1.245.203/32
                  cni.projectcalico.org/podIPs: 10.1.245.203/32
Status:           Running
IP:               10.1.245.203
IPs:
  IP:           10.1.245.203
Controlled By:  ReplicaSet/nginx-only-6f84b9cdb9
Containers:
  nginx:
    Container ID:   containerd://356b5517ac75863c1a76a0b5d52c7896c95ab122a6f413ef7c95ba6775df345a
    Image:          nginx:1.25.4
    Image ID:       docker.io/library/nginx@sha256:6db391d1c0cfb30588ba0bf72ea999404f2764febf0f1f196acd5867ac7efa7e
    Port:           80/TCP
    Host Port:      0/TCP
    State:          Running
      Started:      Fri, 29 Mar 2024 21:48:55 +0700
    Ready:          True
    Restart Count:  0
    Environment:    <none>
    Mounts:
      /usr/share/nginx/html from nginx-mount (rw)
      /var/run/secrets/kubernetes.io/serviceaccount from kube-api-access-btkkz (ro)
Conditions:
  Type              Status
  Initialized       True 
  Ready             True 
  ContainersReady   True 
  PodScheduled      True 
Volumes:
  nginx-mount:
    Type:      ConfigMap (a volume populated by a ConfigMap)
    Name:      nginx-maps
    Optional:  false
  kube-api-access-btkkz:
    Type:                    Projected (a volume that contains injected data from multiple sources)
    TokenExpirationSeconds:  3607
    ConfigMapName:           kube-root-ca.crt
    ConfigMapOptional:       <nil>
    DownwardAPI:             true
QoS Class:                   BestEffort
Node-Selectors:              <none>
Tolerations:                 node.kubernetes.io/not-ready:NoExecute op=Exists for 300s
                             node.kubernetes.io/unreachable:NoExecute op=Exists for 300s
Events:
  Type     Reason       Age                   From               Message
  ----     ------       ----                  ----               -------
  Normal   Scheduled    5m2s                  default-scheduler  Successfully assigned config-test/nginx-only-6f84b9cdb9-82nmc to debian
  Warning  FailedMount  4m58s (x4 over 5m2s)  kubelet            MountVolume.SetUp failed for volume "nginx-mount" : configmap "nginx-maps" not found
  Normal   Pulled       4m54s                 kubelet            Container image "nginx:1.25.4" already present on machine
  Normal   Created      4m54s                 kubelet            Created container nginx
  Normal   Started      4m54s                 kubelet            Started container nginx



  demonium@Debian:/data/fedorchukds-devops-33-43/SRC$ kubectl -n config-test describe configmaps nginx-maps 
Name:         nginx-maps
Namespace:    config-test
Labels:       <none>
Annotations:  <none>

Data
====
index.html:
----
<!DOCTYPE html>
<html>
<body>
<h1>Hi this is Testing HTML</h1>
</body>
</html>


BinaryData
====

Events:  <none>